
Memory Configuration

Name             Origin             Length             Attributes
FLASH            0x0000000000100000 0x0000000000000800 xr
RAM              0x0000000000000000 0x0000000000000800 xrw
*default*        0x0000000000000000 0xffffffffffffffff

Linker script and memory map


.text           0x0000000000100000      0x5ac
                0x0000000000100000                . = ALIGN (0x4)
 *(.text)
 .text          0x0000000000100000       0xd4 /tmp/ccgIHc8P.o
 .text          0x00000000001000d4      0x4d8 /tmp/ccNyQCaP.o
                0x00000000001000d4                main
                0x000000000010013c                is_ball_from_left
                0x0000000000100164                is_ball_from_right
                0x000000000010018c                is_ball_collide_paddle_left
                0x00000000001001f8                is_ball_collide_paddle_right
                0x0000000000100264                increase_p1_score
                0x00000000001002b8                increase_p2_score
 *(.text*)
 *(.rodata)
 *(.rodata*)
 *(.srodata)
 *(.srodata*)
                0x00000000001005ac                . = ALIGN (0x4)
                0x00000000001005ac                _etext = .
                0x00000000001005ac                _sidata = _etext

.rela.dyn       0x00000000001005ac        0x0
 .rela.text     0x00000000001005ac        0x0 /tmp/ccgIHc8P.o

.data           0x0000000000000000       0x10 load address 0x00000000001005ac
                0x0000000000000000                . = ALIGN (0x4)
                0x0000000000000000                _sdata = .
                0x0000000000000000                _ram_start = .
                0x0000000000000000                . = ALIGN (0x4)
 *(.data)
 .data          0x0000000000000000        0x0 /tmp/ccgIHc8P.o
 .data          0x0000000000000000        0x0 /tmp/ccNyQCaP.o
 *(.data*)
 *(.sdata)
 .sdata         0x0000000000000000       0x10 /tmp/ccNyQCaP.o
 *(.sdata*)
                0x0000000000000010                . = ALIGN (0x4)
                0x0000000000000010                _edata = .

.bss            0x0000000000000010        0x0 load address 0x00000000001005bc
                0x0000000000000010                . = ALIGN (0x4)
                0x0000000000000010                _sbss = .
 *(.bss)
 .bss           0x0000000000000010        0x0 /tmp/ccgIHc8P.o
 .bss           0x0000000000000010        0x0 /tmp/ccNyQCaP.o
 *(.bss*)
 *(.sbss)
 *(.sbss*)
 *(COMMON)
                0x0000000000000010                . = ALIGN (0x4)
                0x0000000000000010                _ebss = .

.heap           0x0000000000000010        0x0
                0x0000000000000010                . = ALIGN (0x4)
                0x0000000000000010                _heap_start = .
LOAD /tmp/ccgIHc8P.o
LOAD /tmp/ccNyQCaP.o
OUTPUT(main.elf elf32-littleriscv)

.riscv.attributes
                0x0000000000000000       0x21
 .riscv.attributes
                0x0000000000000000       0x1f /tmp/ccgIHc8P.o
 .riscv.attributes
                0x000000000000001f       0x21 /tmp/ccNyQCaP.o

.comment        0x0000000000000000       0x15
 .comment       0x0000000000000000       0x15 /tmp/ccNyQCaP.o
                                         0x16 (size before relaxing)
